I have launched the full test suite run and will wait for it to complete.
# Slice 4 WP2 — Fix Round 2 Report

## Per-Fix Changes

### F1 (gate R2-B1) — Route SQLite Arm Through Shared `row_object_fault` Grammar
- **[`legacy_source.py`](file:///Users/kaygee/Code/loops-wt/s4-wp2/libs/migrate/src/migrate/legacy_source.py)**:
  - Deleted the divergent hand-written field validators for facts and ticks in `LegacySource._read_sqlite`.
  - Routed fact row validation through [`row_object_fault`](file:///Users/kaygee/Code/loops-wt/s4-wp2/libs/migrate/src/migrate/legacy_jsonl.py#L121) (`frame="row"`, `skip_fields=frozenset({"observer"})`), ensuring the JCS safe-integer domain (`_JCS_INT_MIN <= ts <= _JCS_INT_MAX`) and structural invariants match the JSONL arm identically.
  - Routed tick row validation through [`row_object_fault`](file:///Users/kaygee/Code/loops-wt/s4-wp2/libs/migrate/src/migrate/legacy_jsonl.py#L121) (`frame="row"`).
  - Removed unused `import math`.
- **[`_fixtures.py`](file:///Users/kaygee/Code/loops-wt/s4-wp2/libs/migrate/tests/_fixtures.py)**:
  - Added `build_unsafe_integer_ts_sqlite` fixture generating a SQLite store whose fact row contains `INTEGER ts = 2**60` (outside the JCS safe-integer domain).
- **[`test_inventory.py`](file:///Users/kaygee/Code/loops-wt/s4-wp2/libs/migrate/tests/test_inventory.py)** & **[`test_transform.py`](file:///Users/kaygee/Code/loops-wt/s4-wp2/libs/migrate/tests/test_transform.py)**:
  - Added `test_sqlite_seam_defense_refuses_unsafe_integer_ts` to both test suites, verifying both `inventory()` and `transform()` refuse `2**60` integer timestamps with typed [`LegacySourceRefused`](file:///Users/kaygee/Code/loops-wt/s4-wp2/libs/migrate/src/migrate/refusals.py#L101) without leaking `ArrivalBodyError`.
  - Updated `test_sqlite_codec_invalid_ts_text_refuses_with_rowid` in both test files to assert standard codec fault message substring `"fact field 'ts' must be a number"`.

### F2 (gate R2-B2) — Delete Regressed Compat Shims; Update Stale Tests to 4-Tuple Production Shape
- **[`refusals.py`](file:///Users/kaygee/Code/loops-wt/s4-wp2/libs/migrate/src/migrate/refusals.py)**:
  - Removed `len()` branching / shims in [`LegacySourceRefused`](file:///Users/kaygee/Code/loops-wt/s4-wp2/libs/migrate/src/migrate/refusals.py#L101).
  - Deleted dead `absent_observer_spellings` parameter from `LegacySourceRefused.__init__` and [`_format_refusal_message`](file:///Users/kaygee/Code/loops-wt/s4-wp2/libs/migrate/src/migrate/refusals.py#L26).
  - Replaced `tuple[Any, ...]` with precise 4-tuple type: `tuple[tuple[int, int, tuple[str, ...], dict[str, int]], ...] | list[tuple[int, int, tuple[str, ...], dict[str, int]]]`.
  - Direct unpacking: `for lineno, absent_count, observers, spellings in absent_observer_lines`.
  - Removed unused `from typing import Any`.
- **[`test_refusals.py`](file:///Users/kaygee/Code/loops-wt/s4-wp2/libs/migrate/tests/test_refusals.py)**:
  - Updated constructor test call sites to pass production 4-tuples `(lineno, count, observers, spellings)`.
  - Asserted exact structured 4-tuples with spelling census mappings and distinct formatting for missing vs empty string observer spellings.
- **[`test_inventory.py`](file:///Users/kaygee/Code/loops-wt/s4-wp2/libs/migrate/tests/test_inventory.py)**:
  - Updated `test_absent_observer_batch_refusal_is_distinct_condition` to assert full 4-tuple `(2, 1, ("alice",), {"missing": 1})`.

### F3 (Residue) — Remove Dead Imports
- **[`inventory.py`](file:///Users/kaygee/Code/loops-wt/s4-wp2/libs/migrate/src/migrate/inventory.py)**:
  - Removed unused `LegacySourceRefused` and `MigrationRefused` imports.
- **[`transform.py`](file:///Users/kaygee/Code/loops-wt/s4-wp2/libs/migrate/src/migrate/transform.py)**:
  - Removed unused `LegacySourceRefused` and `MigrationRefused` imports.

---

## Evidence Per Break/Restore Proof

### 1. F1 Proof: Re-introduce `math.isfinite`-Only Check for SQLite `ts`
*Mutation applied:* Replaced `row_object_fault` on SQLite facts with `math.isfinite(ts)` check.
```
=================================== FAILURES ===================================
______________ test_sqlite_seam_defense_refuses_unsafe_integer_ts ______________
    def test_sqlite_seam_defense_refuses_unsafe_integer_ts(tmp_path: Path) -> None:
        sqlite_file = build_unsafe_integer_ts_sqlite(tmp_path / "unsafe_ts.sqlite")
>       with pytest.raises(LegacySourceRefused) as exc_info:
E       Failed: DID NOT RAISE LegacySourceRefused

libs/migrate/tests/test_inventory.py:311: Failed
______________ test_sqlite_seam_defense_refuses_unsafe_integer_ts ______________
    def test_sqlite_seam_defense_refuses_unsafe_integer_ts(tmp_path: Path, kyle) -> None:
        source_path = build_unsafe_integer_ts_sqlite(tmp_path / "unsafe_ts.sqlite")
        vf = _make_vertex_file("kyle", [("kyle", kyle.public)])
        with pytest.raises(LegacySourceRefused) as exc_info:
>           transform(source_path, vf, signer=kyle.signer)
libs/migrate/tests/test_transform.py:566: 
...
>       raise ArrivalBodyError(message)
E       engine.arrival_body.ArrivalBodyError: fact field 'ts' is outside the JCS safe-integer domain: 1152921504606846976

libs/engine/src/engine/arrival_body.py:118: ArrivalBodyError
=========================== short test summary info ============================
FAILED libs/migrate/tests/test_inventory.py::test_sqlite_seam_defense_refuses_unsafe_integer_ts
FAILED libs/migrate/tests/test_transform.py::test_sqlite_seam_defense_refuses_unsafe_integer_ts
======================= 2 failed, 40 deselected in 0.15s =======================
```
*Restoration:* Restored `legacy_source.py` from git commit `5a531574`.
*Result:* 2 passed in 0.14s.

### 2. F2 Proof: Pass 3-Tuple to Strict Constructor
*Mutation applied:* Reverted test call in `test_refusals.py` to pass 3-tuples `[(12, 1, ("alice",)), (14, 2, ())]`.
```
=================================== FAILURES ===================================
____ test_legacy_source_refused_absent_observer_structured_data_and_message ____
    def test_legacy_source_refused_absent_observer_structured_data_and_message() -> None:
        absent = [
            (12, 1, ("alice",)),
            (14, 2, ()),
        ]
>       exc = LegacySourceRefused(absent_observer_lines=absent, source="/path/to/legacy.jsonl")

libs/migrate/tests/test_refusals.py:53: 
...
        for lineno, absent_count, observers, spellings in absent_observer_lines
E   ValueError: not enough values to unpack (expected 4, got 3)

libs/migrate/src/migrate/refusals.py:135: ValueError
=========================== short test summary info ============================
FAILED libs/migrate/tests/test_refusals.py::test_legacy_source_refused_absent_observer_structured_data_and_message
========================= 1 failed, 4 passed in 0.06s ==========================
```
*Restoration:* Restored `test_refusals.py` from git commit `5a531574`.
*Result:* 5 passed in 0.04s.

---

## Final Verification

1. **Test Suite:**
   ```bash
   TMPDIR=/Users/kaygee/Code/loops-wt/s4-wp2/.tmp uv run pytest --basetemp=/Users/kaygee/Code/loops-wt/s4-wp2/.tmp/pt libs/migrate tests/architecture -q
   ```
   **Output:** `141 passed in 11.39s`

2. **Git Status:**
   ```bash
   git status --short
   ```
   **Output:** `?? .tmp/` (working tree clean)

3. **Grep Check:**
   ```bash
   grep -n "len(item)" libs/migrate/src/migrate/refusals.py
   ```
   **Output:** `<empty>` (exit code 1)

---

## Found-But-Left-Alone
- `test_inventory.py` and `test_transform.py` retain their existing style and formatting.
- Non-test directories outside `libs/migrate/**` were uninspected and unmutated.

## Honest Unverified List
- None; both fixes F1, F2 and residue removal F3 were implemented, tested, verified via break/restore proofs, committed to `slice4/wp2` (`5a531574`), and validated across all 141 tests in `libs/migrate` and `tests/architecture`.
