## Disposition verdicts

| Finding | Verdict | Evidence |
|---|---|---|
| S1-F1 comma-key census bypass | **PASS** | Single and comma forms both exited 2 with 0 stdout bytes and byte-identical 170-byte stderr. Reordered flags and `--json` behaved identically. All-miss remained honest exit 0; mixed status-bearing/statusless selection exited 0 with the required note. |
| S1-F2 custom-lens `--status` inert | **PASS** | Explicit `--lens autoresearch` refused under `--plain` and `--json`: exit 2, empty stdout. A vertex-declared autoresearch lens also refused. Bareword `status=open` retained the inert note and rendered at exit 0. |
| S2-F1 key applicability before kind validation | **PASS** | No-key, key-after-kind, key-before-kind, plain, and JSON variants all exited 2 with empty stdout and byte-identical 213-byte undeclared-kind diagnostics. Aggregation controls were also byte-identical. Declared collect `cite --key x` still exited 1; valid keyed `decision` exited 0. |
| S4-F1 non-ref-field resolution rescues cite | **PASS** | `cite … thread:absent -m thread:other` exited 2 with empty stdout and was byte-identical to the ordinary-message control. Raw emit, JSON/plain, reordered flags, and dry-run also refused. Partial resolution still stored correctly. |
| Bare `loops store` empty-home routing | **PASS** | From an empty cwd/home, plain and JSON variants exited 1 with zero stdout and the 81-byte diagnostic on stderr. It was byte-identical to bare `loops ls`; `store --help` still exited 0. |
| Zero-address cite stores | **FAIL** | Literal omissions (`message=x`, `ref=`, `ref=,,`) now refuse correctly, but malformed/non-address ref tokens evade the gate and store as empty attention signals. |

## New finding

[R2-F1] **HIGH** — zero-address cite gate mistakes every non-empty comma token for an address.

```text
$ loops emit <vertex> cite 'ref=:x' --dry-run --plain
exit=0
stdout: {"kind":"cite",...,"payload":{"ref":":x"}}
stderr: empty

$ loops emit <vertex> cite 'ref=:x' --json
exit=0
stderr: stored: cite/<no-fold> @ ...
```

Reading the stored row showed:

```json
{"payload": {}, "refs": [":x"], "edges": []}
```

`ref=kind:` and a quoted prose ref (`"not an address"`) also returned exit 0 in dry-run. By contrast, valid all-inert addresses such as `atoms:baz` correctly remained provenance-only successes.

The cause is that [emit.py](/Users/kaygee/Code/loops/apps/loops/src/loops/commands/emit.py:750) defines `ref_addrs` using only non-empty string splitting. The canonical resolver rejects whitespace/prose and malformed empty-half addresses in [resolve.py](/Users/kaygee/Code/loops/apps/loops/src/loops/commands/resolve.py:1071) and [address.py](/Users/kaygee/Code/loops/libs/atoms/src/atoms/address.py:73). Consequently, zero actual addresses produce neither resolved nor unresolved entries and fall through as “all inert.”

## Regression evidence

- Remediation-focused tests: **138 passed**
- Full suite, `.loops`-bearing cwd: **2500 passed, 1 xfailed**
- Full suite, `.loops`-free cwd: **2500 passed, 1 xfailed**
- `./dev check`: **59 passed**
- The adapted `test_why_flag.py` preserved its subject: collect degradation still reports exactly two cite facts with contexts `c1`, `c2`.
- Worktree remained as found; no repository files were changed.

## Overall: NOT CONVERGED

Five fixes hold across the requested variants, but the zero-address remediation remains bypassable. A cite with no syntactically valid address can still exit 0 and persist an empty attention signal, directly violating the arbiter’s one-condition cite gate.
